// Jest Snapshot v1, https://goo.gl/fbAQLP

exports[`lint snapshot 1`] = `
Array [
  "calendar: colors.calendarColorBackgroundAccentTintThemedAlpha error: Color token type mismatch: alpha token name but opaque value",
]
`;
